
> server@1.0.0 test
> node --experimental-vm-modules node_modules/jest/bin/jest.js --runInBand

node.exe : (node:36924) ExperimentalWarning: VM Modules is an experimental feature and might change at any time
At C:\Program Files\nodejs\npm.ps1:29 char:3
+   & $NODE_EXE $NPM_CLI_JS $args
+   ~~~~~~~~~~~~~~~~~~~~~~~~~~~~~
    + CategoryInfo          : NotSpecified: ((node:36924) Ex...nge at any time:String) [], RemoteException
    + FullyQualifiedErrorId : NativeCommandError
 
(Use `node --trace-warnings ...` to show where the warning was created)
(node:36924) [DEP0040] DeprecationWarning: The `punycode` module is deprecated. Please use a userland alternative instead.
  console.log
    [API:Reports] GET /api/reports - Fetching reports list

      at log (routes/reports.js:150:15)

  console.log
    [API:Reports] POST /api/reports - Received new submission

      at log (routes/reports.js:50:15)

  console.log
    [AI:NoiseCheck] Checking text (length: 66)

      at log (ai/noiseCheck.js:34:11)

  console.log
    [AI:NoiseCheck] Result: ACTIONABLE (Fallback: false)

      at log (ai/noiseCheck.js:50:13)

  console.log
    [AI:Categorise] Categorising report text

      at log (ai/categorise.js:37:11)

  console.log
    [AI:Categorise] Result: phishing | Severity: CRITICAL

      at log (ai/categorise.js:54:13)

  console.log
    [AI:Embed] Generating embedding vector

      at log (ai/embed.js:4:11)

  console.log
    [AI:Embed] Successfully generated 768 dimensions

      at log (ai/embed.js:11:11)

  console.log
    [Service:Dedup] Checking for canonical duplicates in zone: downtown

      at log (services/dedup.js:9:11)

  console.log
    [Service:Verify] Evaluating verification thresholds for report: 9acc06e7-bbce-4143-a72a-d410f4052410

      at log (services/verify.js:6:11)

  console.log
    [Service:Verify] ΓÅ│ THRESHOLD NOT MET: Report 9acc06e7-bbce-4143-a72a-d410f4052410 remains unverified.

      at log (services/verify.js:112:13)

  console.log
    [Service:Verify]   - Current:  { duplicates: 0, verifiedVotes: 0, combined: 0 }

      at log (services/verify.js:113:13)

  console.log
    [Service:Verify]   - Required: { duplicates: 3 } OR { verifiedVotes: 10 } OR { combined: 7 }

      at log (services/verify.js:114:13)

  console.log
    [API:Reports] Successfully created report: 9acc06e7-bbce-4143-a72a-d410f4052410

      at log (routes/reports.js:136:15)

PASS tests/api.test.js (9.209 s)
  API Tests
    Health Check
      ΓêÜ should return 200 OK (14 ms)
    Auth Routes
      ΓêÜ should register a new user (84 ms)
      ΓêÜ should not register a user with an existing email (4 ms)
      ΓêÜ should login a user (62 ms)
      ΓêÜ should return the current user profile (65 ms)
    Reports Routes
      ΓêÜ should list reports (38 ms)
      ΓêÜ should create a new report when authenticated (8133 ms)
      ΓêÜ should fail to create a report if not authenticated (3 ms)

Test Suites: 1 passed, 1 total
Tests:       8 passed, 8 total
Snapshots:   0 total
Time:        9.256 s
Ran all test suites.
